---
source: shell/desktop/runtime/diagnostics.rs
expression: shape
---
Object {
    "channel_keys": Array [
        String("message_bytes_sent"),
        String("message_counts"),
        String("message_latency_recent_us"),
        String("message_latency_samples"),
        String("message_latency_us"),
    ],
    "first_frame_sequence": String("[sequence]"),
    "frame_count": Number(1),
    "generated_at_unix_secs": String("[unix-secs]"),
    "intent_count": Number(1),
    "top_level_keys": Array [
        String("analysis"),
        String("backend_telemetry"),
        String("backend_telemetry_report"),
        String("channels"),
        String("compositor_differential"),
        String("compositor_frames"),
        String("compositor_replay"),
        String("compositor_replay_samples"),
        String("event_ring_len"),
        String("generated_at_unix_secs"),
        String("history_health"),
        String("persistence_health"),
        String("recent_intents"),
        String("runtime_cache"),
        String("security_health"),
        String("signal_trace"),
        String("spans"),
        String("tracing_perf"),
        String("version"),
    ],
}
