---
source: shell/desktop/runtime/diagnostics_coverage.rs
assertion_line: 96
expression: list
---
CHANNEL_ACTION_EXECUTE_STARTED
CHANNEL_AGENT_SPAWNED
CHANNEL_CANVAS_FRAME_AFFINITY_CHANGED
CHANNEL_CANVAS_PROFILE_ACTIVATED
CHANNEL_COMPOSITOR_CONTENT_CULLED_OFFVIEWPORT
CHANNEL_COMPOSITOR_DEGRADATION_GPU_PRESSURE
CHANNEL_COMPOSITOR_DEGRADATION_PLACEHOLDER_MODE
CHANNEL_COMPOSITOR_DIFFERENTIAL_CONTENT_COMPOSED
CHANNEL_COMPOSITOR_DIFFERENTIAL_CONTENT_SKIPPED
CHANNEL_COMPOSITOR_DIFFERENTIAL_SKIP_RATE_SAMPLE
CHANNEL_COMPOSITOR_FOCUS_ACTIVATION_DEFERRED
CHANNEL_COMPOSITOR_GL_STATE_VIOLATION
CHANNEL_COMPOSITOR_LENS_OVERLAY_APPLIED
CHANNEL_COMPOSITOR_NATIVE_OVERLAY_RECT_MISMATCH
CHANNEL_COMPOSITOR_OVERLAY_BATCH_SIZE_SAMPLE
CHANNEL_COMPOSITOR_OVERLAY_LIFECYCLE_INDICATOR
CHANNEL_COMPOSITOR_PAINT_NOT_CONFIRMED
CHANNEL_COMPOSITOR_PASS_ORDER_VIOLATION
CHANNEL_COMPOSITOR_REPLAY_ARTIFACT_RECORDED
CHANNEL_COMPOSITOR_REPLAY_SAMPLE_RECORDED
CHANNEL_COMPOSITOR_RESOURCE_REUSE_CONTEXT_HIT
CHANNEL_COMPOSITOR_RESOURCE_REUSE_CONTEXT_MISS
CHANNEL_COMPOSITOR_TILE_ACTIVITY
CHANNEL_CONTENT_PASS_REGISTERED
CHANNEL_DIAGNOSTICS_CHANNEL_REGISTERED
CHANNEL_DIAGNOSTICS_COMPOSITOR_BRIDGE_CALLBACK_US_SAMPLE
CHANNEL_DIAGNOSTICS_COMPOSITOR_BRIDGE_PRESENTATION_US_SAMPLE
CHANNEL_DIAGNOSTICS_COMPOSITOR_BRIDGE_PROBE
CHANNEL_DIAGNOSTICS_COMPOSITOR_BRIDGE_PROBE_FAILED_FRAME
CHANNEL_DIAGNOSTICS_COMPOSITOR_CHAOS
CHANNEL_DIAGNOSTICS_COMPOSITOR_CHAOS_FAIL
CHANNEL_DIAGNOSTICS_COMPOSITOR_CHAOS_PASS
CHANNEL_DIAGNOSTICS_CONFIG_CHANGED
CHANNEL_HOST_WEBDRIVER_BROWSER_ACTION_MISSING_WEBVIEW
CHANNEL_HOST_WEBDRIVER_BROWSER_ACTION_REQUESTED
CHANNEL_HOST_WEBDRIVER_LOAD_STATUS_BLOCKED
CHANNEL_HOST_WEBDRIVER_LOAD_URL_MISSING_WEBVIEW
CHANNEL_HOST_WEBDRIVER_LOAD_URL_REQUESTED
CHANNEL_IDENTITY_KEY_UNAVAILABLE
CHANNEL_IDENTITY_SIGN_FAILED
CHANNEL_IDENTITY_SIGN_STARTED
CHANNEL_IDENTITY_SIGN_SUCCEEDED
CHANNEL_IDENTITY_TRUST_STORE_LOAD_FAILED
CHANNEL_IDENTITY_VERIFY_STARTED
CHANNEL_INDEX_SEARCH
CHANNEL_INPUT_BINDING_CONFLICT
CHANNEL_INPUT_BINDING_MISSING
CHANNEL_INPUT_BINDING_REBOUND
CHANNEL_INPUT_BINDING_RESOLVED
CHANNEL_INVALID_TILE_RECT
CHANNEL_INVARIANT_TIMEOUT
CHANNEL_KNOWLEDGE_INDEX_UPDATED
CHANNEL_KNOWLEDGE_TAG_VALIDATION_WARN
CHANNEL_LAYOUT_COMPUTE_FAILED
CHANNEL_LAYOUT_COMPUTE_STARTED
CHANNEL_LAYOUT_COMPUTE_SUCCEEDED
CHANNEL_LAYOUT_DOMAIN_PROFILE_RESOLVED
CHANNEL_LAYOUT_FALLBACK_USED
CHANNEL_LENS_FALLBACK_USED
CHANNEL_LENS_RESOLVE_FAILED
CHANNEL_LENS_RESOLVE_SUCCEEDED
CHANNEL_MOD_LOAD_FAILED
CHANNEL_NOSTR_CAPABILITY_DENIED
CHANNEL_NOSTR_INTENT_REJECTED
CHANNEL_NOSTR_RELAY_CONNECT_FAILED
CHANNEL_NOSTR_RELAY_CONNECT_STARTED
CHANNEL_NOSTR_RELAY_CONNECT_SUCCEEDED
CHANNEL_NOSTR_RELAY_DISCONNECTED
CHANNEL_NOSTR_RELAY_PUBLISH_FAILED
CHANNEL_NOSTR_RELAY_SUBSCRIPTION_FAILED
CHANNEL_NOSTR_SECURITY_VIOLATION
CHANNEL_NOSTR_SIGN_REQUEST_DENIED
CHANNEL_OVERLAY_PASS_REGISTERED
CHANNEL_PASS_ORDER_VIOLATION
CHANNEL_PHYSICS_PROFILE_ACTIVATED
CHANNEL_PRESENTATION_PROFILE_RESOLVED
CHANNEL_PROTOCOL_RESOLVE_FAILED
CHANNEL_PROTOCOL_RESOLVE_FALLBACK_USED
CHANNEL_PROTOCOL_RESOLVE_STARTED
CHANNEL_PROTOCOL_RESOLVE_SUCCEEDED
CHANNEL_REGISTER_SIGNAL_ROUTING_FAILED
CHANNEL_REGISTER_SIGNAL_ROUTING_LAGGED
CHANNEL_REGISTER_SIGNAL_ROUTING_MOD_WORKFLOW_ROUTED
CHANNEL_REGISTER_SIGNAL_ROUTING_PUBLISHED
CHANNEL_REGISTER_SIGNAL_ROUTING_QUEUE_DEPTH
CHANNEL_REGISTER_SIGNAL_ROUTING_SUBSYSTEM_HEALTH_PROPAGATED
CHANNEL_REGISTER_SIGNAL_ROUTING_UNROUTED
CHANNEL_RENDERER_ATTACH
CHANNEL_RENDERER_DETACH
CHANNEL_RUNTIME_CACHE_EVICTION
CHANNEL_RUNTIME_CACHE_HIT
CHANNEL_RUNTIME_CACHE_INSERT
CHANNEL_RUNTIME_CACHE_MISS
CHANNEL_STARTUP_CONFIG_SNAPSHOT
CHANNEL_STARTUP_SELFCHECK_REGISTRIES_LOADED
CHANNEL_STARTUP_VERSE_INIT_FAILED
CHANNEL_STARTUP_VERSE_INIT_MODE
CHANNEL_STARTUP_VERSE_INIT_SUCCEEDED
CHANNEL_SURFACE_CONFORMANCE_NONE
CHANNEL_SURFACE_CONFORMANCE_PARTIAL
CHANNEL_SYSTEM_TASK_BUDGET_BACKPRESSURE
CHANNEL_SYSTEM_TASK_BUDGET_QUEUE_DEPTH
CHANNEL_SYSTEM_TASK_BUDGET_WORKER_RESUMED
CHANNEL_SYSTEM_TASK_BUDGET_WORKER_SUSPENDED
CHANNEL_THEME_ACTIVATED
CHANNEL_UI_CLIPBOARD_COPY_FAILED
CHANNEL_UI_COMMAND_BAR_COMMAND_PALETTE_REQUESTED
CHANNEL_UI_COMMAND_BAR_NAV_ACTION_BLOCKED
CHANNEL_UI_COMMAND_BAR_NAV_ACTION_NO_TARGET
CHANNEL_UI_COMMAND_BAR_NAV_ACTION_REQUESTED
CHANNEL_UI_COMMAND_BAR_WORKBENCH_COMMAND_BLOCKED_BY_FOCUS
CHANNEL_UI_COMMAND_BAR_WORKBENCH_COMMAND_EXECUTED
CHANNEL_UI_COMMAND_BAR_WORKBENCH_COMMAND_REQUESTED
CHANNEL_UI_OMNIBAR_PROVIDER_MAILBOX_APPLIED
CHANNEL_UI_OMNIBAR_PROVIDER_MAILBOX_FAILED
CHANNEL_UI_OMNIBAR_PROVIDER_MAILBOX_REQUEST_STARTED
CHANNEL_UI_OMNIBAR_PROVIDER_MAILBOX_STALE
CHANNEL_UX_CONFIG_MODE_ENTERED
CHANNEL_UX_CONTRACT_WARNING
CHANNEL_UX_DISPATCH_CONSUMED
CHANNEL_UX_DISPATCH_DEFAULT_PREVENTED
CHANNEL_UX_DISPATCH_PHASE
CHANNEL_UX_DISPATCH_STARTED
CHANNEL_UX_EMBEDDED_FOCUS_RECLAIM
CHANNEL_UX_FIRST_USE_PROMPT_SHOWN
CHANNEL_UX_FOCUS_REALIZATION_MISMATCH
CHANNEL_UX_FOCUS_RETURN_FALLBACK
CHANNEL_UX_LAYOUT_CONSTRAINT_DRIFT
CHANNEL_UX_LAYOUT_GUTTER_DETECTED
CHANNEL_UX_LAYOUT_OVERLAP_DETECTED
CHANNEL_UX_NAVIGATION_TRANSITION
CHANNEL_UX_NAVIGATION_VIOLATION
CHANNEL_UX_OPEN_DECISION_PATH
CHANNEL_UX_OPEN_DECISION_REASON
CHANNEL_UX_PRESENTATION_BOUNDS_MISSING
CHANNEL_UX_TREE_SNAPSHOT_BUILT
CHANNEL_VIEWER_CAPABILITY_NONE
CHANNEL_VIEWER_CAPABILITY_PARTIAL
CHANNEL_VIEWER_FALLBACK_USED
CHANNEL_VIEWER_SELECT_STARTED
CHANNEL_VIEWER_SELECT_SUCCEEDED
CHANNEL_VIEWER_SURFACE_ALLOCATE_FAILED
CHANNEL_WORKBENCH_SURFACE_PROFILE_ACTIVATED
CHANNEL_WORKFLOW_ACTIVATED
